// Jest Snapshot v1, https://goo.gl/fbAQLP

exports[`About component matches snapshot DOM node structure 1`] = `
<DocumentFragment>
  <section
    class="about hero"
  >
    <div
      class="content"
    >
      <h4>
        About
      </h4>
      <p>
        Hello world!
      </p>
    </div>
  </section>
</DocumentFragment>
`;
